---
source: examples/showcase.rs
assertion_line: 160
expression: "lines.join(\"\\n\")"
---
┌Inspector───────────────────┐┌Graph───────────────────────────────────────────────────────────────┐
│Showcase                    ││┌──────────────────────────────────────────────────────────────────┐│
│                            │││                                                                  ││
│Keys                        │││                                                          ┌──Review
│arrows move nodes           │││    ┌────Input─────┐          ┌──Parse Records──┐        ▲◀Rejects││
│tab toggle connections      │││    ◀File       Raw│▶────────▶◀Raw          Rows│▶       ││       ││
│n create  r rename          │││    │          Meta│▶────────┐│          Rejects│▶───────┘└────────┘
│m move    c connect         │││    │              │         ││                 ││         ┌───────│
│d delete  u undo            │││    └──────────────┘         │└─────────────────┘│         │      ││
│g center                    │││                             ┌───────────────────┘         │      ││
│shift+arrows pan            │││                             │                             │      ││
│enter/esc confirm/cancel    │││                             │                             │      ││
│                            │││                             │                             │      ││
│Selected                    │││                             │                             │      ││
│Node: Input                 │││                             │                             │┌──────E
│Undo depth: 0               │││                             │┌────Enrich────┐             ▲◀Ready││
│                            │││                             ▼◀Rows     Ready│▶────────────┘◀Approve
│                            │││                             ▼◀Meta          │              │     ││
│                            │││                              │              │              └──────┘
│                            │││                              └──────────────┘                    ││
│                            │││                                                                  ││
│                            │││                                                                  ││
│                            │││                                                                  ││
│                            │││                                                                  ││
│                            │││                                                                  ││
│                            │││                                                                  ││
│                            │││                                                                  ││
│                            ││└──────────────────────────────────────────────────────────────────┘│
└────────────────────────────┘└────────────────────────────────────────────────────────────────────┘
mode Navigate | Ready | q quit
