---
source: examples/showcase.rs
assertion_line: 231
expression: "lines.join(\"\\n\")"
---
┌Inspector─────────────────────┐┌Graph─────────────────────────────────────────────────────────────┐
│Showcase                      ││┌────────────────────────────────────────────────────────────────┐│
│                              │││                                                                ││
│Keys                          │││                                                          ┌──Revie
│arrows switch nodes           │││    ┌────Input─────┐    ┌──Parse Records──┐              ▲◀Rejects
│tab toggle connections        │││    ◀File       Raw│▶──▶◀Raw          Rows│▶             ││     ││
│enter edit payload            │││    │          Meta│▶──┐│          Rejects│▶─────────────┘└──────┘
│n create  r rename            │││    │              │   ││                 ││              ┌──────│
│m move    c connect           │││    └──────────────┘   │└─────────────────┘│              │     ││
│d delete  u undo              │││                       └─────┌─────────────┘              │     ││
│g center                      │││                             │                            │     ││
│shift+arrows pan              │││                             │                            │     ││
│enter/esc confirm/cancel      │││                             │                            │     ││
│                              │││                             │                            │     ││
│Selected                      │││                             │                            │     ││
│Node: Input                   │││                             │                            │     ││
│node edits: 0                 │││                             │                            │     ││
│note:                         │││                             │┌────Enrich────┐            │┌─────┐
│Undo depth: 0                 │││                             ▼◀Rows     Ready│▶───────────▶◀Ready│
│                              │││                             ▼◀Meta          │            ▼◀Approv
│Last host action              │││                              │              │             │    ││
│Press Enter on a node or edge │││                              └──────────────┘             └─────┘
│                              │││                                                                ││
│                              │││                                                                ││
│                              │││                                                                ││
│                              │││                                                                ││
│                              │││                                                                ││
│                              ││└────────────────────────────────────────────────────────────────┘│
└──────────────────────────────┘└──────────────────────────────────────────────────────────────────┘
mode Navigate | Ready | Press Enter on a node or edge to edit payload data | q quit
