---
source: src/render.rs
assertion_line: 364
expression: "render_string(&document, &state, Rect::new(0, 0, 36, 14))"
---
┌──────────────────────────────────┐
│                                  │
│                                  │
│    ┌────Input─────┐          ┌──Pa
│    ◀File       Raw│▶────────▶◀Raw│
│    │          Meta│▶────────┐│   │
│    │              │         ││   │
│    └──────────────┘         │└───┘
│                             ┌─────
│                             │    │
│                             │    │
│                             │    │
│                             │    │
└─────────────────────────────│────┘
