---
source: src/render.rs
assertion_line: 357
expression: "render_string(&document, &state, Rect::new(0, 0, 80, 24))"
---
┌──────────────────────────────────────────────────────────────────────────────┐
│                                                                              │
│                                                          ┌──Review Rejects───┐
│    ┌────Input─────┐          ┌──Parse Records──┐        ▲◀Rejects    Approved│
│    ◀File       Raw│▶────────▶◀Raw          Rows│▶       ││                   │
│    │          Meta│▶────────┐│          Rejects│▶───────┘└───────────────────┘
│    │              │         ││                 ││         ┌───────────────────
│    └──────────────┘         │└─────────────────┘│         │                  │
│                             ┌───────────────────┘         │                  │
│                             │                             │                  │
│                             │                             │                  │
│                             │                             │                  │
│                             │                             │                  │
│                             │                             │┌──────Export─────┐
│                             │┌────Enrich────┐             ▲◀Ready          Don
│                             ▼◀Rows     Ready│▶────────────┘◀Approved         │
│                             ▼◀Meta          │              │                 │
│                              │              │              └─────────────────┘
│                              └──────────────┘                                │
│                                                                              │
│                                                                              │
│                                                                              │
│                                                                              │
└──────────────────────────────────────────────────────────────────────────────┘
