---
source: src/showcase.rs
assertion_line: 130
expression: "lines.join(\"\\n\")"
---
┌Inspector───────────────────┐┌Graph───────────────────────────────────────────────────────────────┐
│Hybrid showcase             ││┌──────────────────────────────────────────────────────────────────┐│
│                            │││                                                                  ││
│Keys                        │││                                                          ┌──Review
│n create  r rename          │││    ┌────Input─────┐          ┌──Parse Records──┐        ▲◀Rejects││
│m move    c connect         │││    ◀File       Raw│▶────────▶◀Raw          Rows│▶       ││       ││
│d delete  g center          │││    │          Meta│▶────────┐│          Rejects│▶───────┘└────────┘
│tab cycle                   │││    │              │         ││                 ││         ┌───────│
│shift+arrows pan            │││    └──────────────┘         │└─────────────────┘│         │      ││
│enter/esc confirm/cancel    │││                             ┌───────────────────┘         │      ││
│                            │││                             │                             │      ││
│Selected                    │││                             │                             │      ││
│Node: Input                 │││                             │                             │      ││
│                            │││                             │                             │      ││
│                            │││                             │                             │┌──────E
│                            │││                             │┌────Enrich────┐             ▲◀Ready││
│                            │││                             ▼◀Rows     Ready│▶────────────┘◀Approve
│                            │││                             ▼◀Meta          │              │     ││
│                            │││                              │              │              └──────┘
│                            │││                              └──────────────┘                    ││
│                            │││                                                                  ││
│                            │││                                                                  ││
│                            │││                                                                  ││
│                            │││                                                                  ││
│                            │││                                                                  ││
│                            │││                                                                  ││
│                            │││                                                                  ││
│                            ││└──────────────────────────────────────────────────────────────────┘│
└────────────────────────────┘└────────────────────────────────────────────────────────────────────┘
mode Navigate | Ready | q quit
