---
source: src/render.rs
assertion_line: 393
expression: "render_string(&document, &state, Rect::new(0, 0, 80, 24))"
---
┌──────────────────────────────────────────────────────────────────────────────┐
│                                                                              │
│                                                          ┌──Review Rejects───┐
│    ┌────Input─────┐    ┌──Parse Records──┐              ▲◀Rejects    Approved│
│    ◀File       Raw│▶──▶◀Raw          Rows│▶             ││                   │
│    │          Meta│▶──┐│          Rejects│▶─────────────┘└───────────────────┘
│    │              │   ││                 ││              ┌────────────────────
│    └──────────────┘   │└─────────────────┘│              │                   │
│                       └─────┌─────────────┘              │                   │
│                             │                            │                   │
│                             │                            │                   │
│                             │                            │                   │
│                             │                            │                   │
│                             │                            │                   │
│                             │                            │                   │
│                             │                            │                   │
│                             │┌────Enrich────┐            │┌──────Export──────┐
│                             ▼◀Rows     Ready│▶───────────▶◀Ready          Done
│                             ▼◀Meta          │            ▼◀Approved          │
│                              │              │             │                  │
│                              └──────────────┘             └──────────────────┘
│                                                                              │
│                                                                              │
└──────────────────────────────────────────────────────────────────────────────┘
